// Vitest Snapshot v1, https://vitest.dev/guide/snapshot.html

exports[`ErrorListItem > matches snapshot 1`] = `
{
  "asFragment": [Function],
  "baseElement": <body>
    <div>
      <li>
        <h3
          class="text-2xl font-bold text-gray-800 dark:text-gray-300"
        >
          Fel vid hämtning av menyer gå till restaurangens hemsida istället: 
        </h3>
        <a
          class="text-2xl font-bold text-blue-700 underline hover:no-underline dark:text-gray-500"
          href="www.example.com"
        >
          www.example.com
        </a>
      </li>
    </div>
  </body>,
  "container": <div>
    <li>
      <h3
        class="text-2xl font-bold text-gray-800 dark:text-gray-300"
      >
        Fel vid hämtning av menyer gå till restaurangens hemsida istället: 
      </h3>
      <a
        class="text-2xl font-bold text-blue-700 underline hover:no-underline dark:text-gray-500"
        href="www.example.com"
      >
        www.example.com
      </a>
    </li>
  </div>,
  "debug": [Function],
  "findAllByAltText": [Function],
  "findAllByDisplayValue": [Function],
  "findAllByLabelText": [Function],
  "findAllByPlaceholderText": [Function],
  "findAllByRole": [Function],
  "findAllByTestId": [Function],
  "findAllByText": [Function],
  "findAllByTitle": [Function],
  "findByAltText": [Function],
  "findByDisplayValue": [Function],
  "findByLabelText": [Function],
  "findByPlaceholderText": [Function],
  "findByRole": [Function],
  "findByTestId": [Function],
  "findByText": [Function],
  "findByTitle": [Function],
  "getAllByAltText": [Function],
  "getAllByDisplayValue": [Function],
  "getAllByLabelText": [Function],
  "getAllByPlaceholderText": [Function],
  "getAllByRole": [Function],
  "getAllByTestId": [Function],
  "getAllByText": [Function],
  "getAllByTitle": [Function],
  "getByAltText": [Function],
  "getByDisplayValue": [Function],
  "getByLabelText": [Function],
  "getByPlaceholderText": [Function],
  "getByRole": [Function],
  "getByTestId": [Function],
  "getByText": [Function],
  "getByTitle": [Function],
  "queryAllByAltText": [Function],
  "queryAllByDisplayValue": [Function],
  "queryAllByLabelText": [Function],
  "queryAllByPlaceholderText": [Function],
  "queryAllByRole": [Function],
  "queryAllByTestId": [Function],
  "queryAllByText": [Function],
  "queryAllByTitle": [Function],
  "queryByAltText": [Function],
  "queryByDisplayValue": [Function],
  "queryByLabelText": [Function],
  "queryByPlaceholderText": [Function],
  "queryByRole": [Function],
  "queryByTestId": [Function],
  "queryByText": [Function],
  "queryByTitle": [Function],
  "rerender": [Function],
  "unmount": [Function],
}
`;
