// Vitest Snapshot v1, https://vitest.dev/guide/snapshot.html

exports[`DayButton > matches snapshot 1`] = `
{
  "asFragment": [Function],
  "baseElement": <body>
    <div>
      <input
        class="cursor-pointer rounded-lg border border-gray-300 px-3.5 py-2 text-sm font-medium text-gray-800 transition duration-500 hover:bg-gray-200 dark:border-gray-600 dark:text-gray-300 dark:hover:bg-gray-700 dark:hover:text-white md:px-5 md:py-2.5"
        data-testid="day.button"
        title="Tryck för att visa den här dagens lunch i listan nedan"
        type="button"
        value="Måndag"
      />
    </div>
  </body>,
  "container": <div>
    <input
      class="cursor-pointer rounded-lg border border-gray-300 px-3.5 py-2 text-sm font-medium text-gray-800 transition duration-500 hover:bg-gray-200 dark:border-gray-600 dark:text-gray-300 dark:hover:bg-gray-700 dark:hover:text-white md:px-5 md:py-2.5"
      data-testid="day.button"
      title="Tryck för att visa den här dagens lunch i listan nedan"
      type="button"
      value="Måndag"
    />
  </div>,
  "debug": [Function],
  "findAllByAltText": [Function],
  "findAllByDisplayValue": [Function],
  "findAllByLabelText": [Function],
  "findAllByPlaceholderText": [Function],
  "findAllByRole": [Function],
  "findAllByTestId": [Function],
  "findAllByText": [Function],
  "findAllByTitle": [Function],
  "findByAltText": [Function],
  "findByDisplayValue": [Function],
  "findByLabelText": [Function],
  "findByPlaceholderText": [Function],
  "findByRole": [Function],
  "findByTestId": [Function],
  "findByText": [Function],
  "findByTitle": [Function],
  "getAllByAltText": [Function],
  "getAllByDisplayValue": [Function],
  "getAllByLabelText": [Function],
  "getAllByPlaceholderText": [Function],
  "getAllByRole": [Function],
  "getAllByTestId": [Function],
  "getAllByText": [Function],
  "getAllByTitle": [Function],
  "getByAltText": [Function],
  "getByDisplayValue": [Function],
  "getByLabelText": [Function],
  "getByPlaceholderText": [Function],
  "getByRole": [Function],
  "getByTestId": [Function],
  "getByText": [Function],
  "getByTitle": [Function],
  "queryAllByAltText": [Function],
  "queryAllByDisplayValue": [Function],
  "queryAllByLabelText": [Function],
  "queryAllByPlaceholderText": [Function],
  "queryAllByRole": [Function],
  "queryAllByTestId": [Function],
  "queryAllByText": [Function],
  "queryAllByTitle": [Function],
  "queryByAltText": [Function],
  "queryByDisplayValue": [Function],
  "queryByLabelText": [Function],
  "queryByPlaceholderText": [Function],
  "queryByRole": [Function],
  "queryByTestId": [Function],
  "queryByText": [Function],
  "queryByTitle": [Function],
  "rerender": [Function],
  "unmount": [Function],
}
`;
