// Vitest Snapshot v1, https://vitest.dev/guide/snapshot.html

exports[`SettingsItem > matches snapshot 1`] = `
{
  "asFragment": [Function],
  "baseElement": <body>
    <div>
      <div
        class="mb-4 flex items-center gap-4"
      >
        <h4
          class="font-bold text-gray-800 dark:text-gray-300 w-2/5 text-sm"
        >
          Example
        </h4>
        <input
          class="w-full self-center rounded-lg border border-gray-300 bg-gray-50 p-2.5 text-sm text-gray-800 outline-none focus:border-gray-300 focus:ring-gray-300 dark:border-gray-600 dark:bg-gray-800 dark:text-gray-300 dark:placeholder-gray-400 dark:focus:border-gray-600 dark:focus:ring-gray-600"
          placeholder="Type something here..."
          type="text"
          value=""
        />
      </div>
    </div>
  </body>,
  "container": <div>
    <div
      class="mb-4 flex items-center gap-4"
    >
      <h4
        class="font-bold text-gray-800 dark:text-gray-300 w-2/5 text-sm"
      >
        Example
      </h4>
      <input
        class="w-full self-center rounded-lg border border-gray-300 bg-gray-50 p-2.5 text-sm text-gray-800 outline-none focus:border-gray-300 focus:ring-gray-300 dark:border-gray-600 dark:bg-gray-800 dark:text-gray-300 dark:placeholder-gray-400 dark:focus:border-gray-600 dark:focus:ring-gray-600"
        placeholder="Type something here..."
        type="text"
        value=""
      />
    </div>
  </div>,
  "debug": [Function],
  "findAllByAltText": [Function],
  "findAllByDisplayValue": [Function],
  "findAllByLabelText": [Function],
  "findAllByPlaceholderText": [Function],
  "findAllByRole": [Function],
  "findAllByTestId": [Function],
  "findAllByText": [Function],
  "findAllByTitle": [Function],
  "findByAltText": [Function],
  "findByDisplayValue": [Function],
  "findByLabelText": [Function],
  "findByPlaceholderText": [Function],
  "findByRole": [Function],
  "findByTestId": [Function],
  "findByText": [Function],
  "findByTitle": [Function],
  "getAllByAltText": [Function],
  "getAllByDisplayValue": [Function],
  "getAllByLabelText": [Function],
  "getAllByPlaceholderText": [Function],
  "getAllByRole": [Function],
  "getAllByTestId": [Function],
  "getAllByText": [Function],
  "getAllByTitle": [Function],
  "getByAltText": [Function],
  "getByDisplayValue": [Function],
  "getByLabelText": [Function],
  "getByPlaceholderText": [Function],
  "getByRole": [Function],
  "getByTestId": [Function],
  "getByText": [Function],
  "getByTitle": [Function],
  "queryAllByAltText": [Function],
  "queryAllByDisplayValue": [Function],
  "queryAllByLabelText": [Function],
  "queryAllByPlaceholderText": [Function],
  "queryAllByRole": [Function],
  "queryAllByTestId": [Function],
  "queryAllByText": [Function],
  "queryAllByTitle": [Function],
  "queryByAltText": [Function],
  "queryByDisplayValue": [Function],
  "queryByLabelText": [Function],
  "queryByPlaceholderText": [Function],
  "queryByRole": [Function],
  "queryByTestId": [Function],
  "queryByText": [Function],
  "queryByTitle": [Function],
  "rerender": [Function],
  "unmount": [Function],
}
`;
