// Vitest Snapshot v1, https://vitest.dev/guide/snapshot.html

exports[`SearchBar > matches snapshot 1`] = `
{
  "asFragment": [Function],
  "baseElement": <body>
    <div>
      <div
        class="hidden justify-center md:flex"
      >
        <div
          class="relative w-full sm:w-auto"
        >
          <input
            class="w-full self-center rounded-lg border border-gray-300 bg-gray-50 p-2.5 text-sm text-gray-800 outline-none transition duration-500 focus:border-gray-300 focus:ring-gray-300 dark:border-gray-600 dark:bg-gray-800 dark:text-gray-300 dark:placeholder-gray-400 dark:focus:border-gray-600 dark:focus:ring-gray-600 md:w-auto"
            id="search-restaurant"
            placeholder="Sök restauranger..."
            title="Sök på restauranger som ska visas i listan"
            type="text"
          />
          <button
            aria-label="rensa sökfältet"
            class="absolute bottom-[5px] right-0 rounded-lg px-2 py-2 text-sm font-medium text-white sm:bottom-[55px] lg:bottom-[5px]"
            type="button"
          >
            <svg
              class="h-4 w-4"
              fill="dark"
              viewBox="0 0 24 24"
              xmlns="http://www.w3.org/2000/svg"
            >
              <path
                clip-rule="evenodd"
                d="M5.47 5.47a.75.75 0 011.06 0L12 10.94l5.47-5.47a.75.75 0 111.06 1.06L13.06 12l5.47 5.47a.75.75 0 11-1.06 1.06L12 13.06l-5.47 5.47a.75.75 0 01-1.06-1.06L10.94 12 5.47 6.53a.75.75 0 010-1.06z"
                fill-rule="evenodd"
              />
            </svg>
          </button>
        </div>
      </div>
    </div>
  </body>,
  "container": <div>
    <div
      class="hidden justify-center md:flex"
    >
      <div
        class="relative w-full sm:w-auto"
      >
        <input
          class="w-full self-center rounded-lg border border-gray-300 bg-gray-50 p-2.5 text-sm text-gray-800 outline-none transition duration-500 focus:border-gray-300 focus:ring-gray-300 dark:border-gray-600 dark:bg-gray-800 dark:text-gray-300 dark:placeholder-gray-400 dark:focus:border-gray-600 dark:focus:ring-gray-600 md:w-auto"
          id="search-restaurant"
          placeholder="Sök restauranger..."
          title="Sök på restauranger som ska visas i listan"
          type="text"
        />
        <button
          aria-label="rensa sökfältet"
          class="absolute bottom-[5px] right-0 rounded-lg px-2 py-2 text-sm font-medium text-white sm:bottom-[55px] lg:bottom-[5px]"
          type="button"
        >
          <svg
            class="h-4 w-4"
            fill="dark"
            viewBox="0 0 24 24"
            xmlns="http://www.w3.org/2000/svg"
          >
            <path
              clip-rule="evenodd"
              d="M5.47 5.47a.75.75 0 011.06 0L12 10.94l5.47-5.47a.75.75 0 111.06 1.06L13.06 12l5.47 5.47a.75.75 0 11-1.06 1.06L12 13.06l-5.47 5.47a.75.75 0 01-1.06-1.06L10.94 12 5.47 6.53a.75.75 0 010-1.06z"
              fill-rule="evenodd"
            />
          </svg>
        </button>
      </div>
    </div>
  </div>,
  "debug": [Function],
  "findAllByAltText": [Function],
  "findAllByDisplayValue": [Function],
  "findAllByLabelText": [Function],
  "findAllByPlaceholderText": [Function],
  "findAllByRole": [Function],
  "findAllByTestId": [Function],
  "findAllByText": [Function],
  "findAllByTitle": [Function],
  "findByAltText": [Function],
  "findByDisplayValue": [Function],
  "findByLabelText": [Function],
  "findByPlaceholderText": [Function],
  "findByRole": [Function],
  "findByTestId": [Function],
  "findByText": [Function],
  "findByTitle": [Function],
  "getAllByAltText": [Function],
  "getAllByDisplayValue": [Function],
  "getAllByLabelText": [Function],
  "getAllByPlaceholderText": [Function],
  "getAllByRole": [Function],
  "getAllByTestId": [Function],
  "getAllByText": [Function],
  "getAllByTitle": [Function],
  "getByAltText": [Function],
  "getByDisplayValue": [Function],
  "getByLabelText": [Function],
  "getByPlaceholderText": [Function],
  "getByRole": [Function],
  "getByTestId": [Function],
  "getByText": [Function],
  "getByTitle": [Function],
  "queryAllByAltText": [Function],
  "queryAllByDisplayValue": [Function],
  "queryAllByLabelText": [Function],
  "queryAllByPlaceholderText": [Function],
  "queryAllByRole": [Function],
  "queryAllByTestId": [Function],
  "queryAllByText": [Function],
  "queryAllByTitle": [Function],
  "queryByAltText": [Function],
  "queryByDisplayValue": [Function],
  "queryByLabelText": [Function],
  "queryByPlaceholderText": [Function],
  "queryByRole": [Function],
  "queryByTestId": [Function],
  "queryByText": [Function],
  "queryByTitle": [Function],
  "rerender": [Function],
  "unmount": [Function],
}
`;
