// Vitest Snapshot v1, https://vitest.dev/guide/snapshot.html

exports[`AdminOption > matches snapshot 1`] = `
<AdminOption
  buttonValue="Press me!"
  onClick={[MockFunction spy]}
/>
`;
